Component: ARM Compiler 5.06 update 7 (build 960) Tool: armlink [4d3601]

==============================================================================

Section Cross References

    main.o(i.main) refers to system.o(i.System_Init) for System_Init
    main.o(i.main) refers to button.o(i.Button_Init) for Button_Init
    main.o(i.main) refers to hc12.o(i.HC12_Init) for HC12_Init
    main.o(i.main) refers to hc12.o(i.HC12_RxBufferInit) for HC12_RxBufferInit
    main.o(i.main) refers to lcd.o(i.LCD_Init) for LCD_Init
    main.o(i.main) refers to lcd.o(i.LCD_Set_Cursor) for LCD_Set_Cursor
    main.o(i.main) refers to lcd.o(i.LCD_Write_String) for LCD_Write_String
    main.o(i.main) refers to button.o(i.Button_Poll) for Button_Poll
    main.o(i.main) refers to gpio.o(i.GPIO_OutputWrite) for GPIO_OutputWrite
    main.o(i.main) refers to hc12.o(i.HC12_TransmitBytes) for HC12_TransmitBytes
    main.o(i.main) refers to system.o(i.System_GetTick) for System_GetTick
    main.o(i.main) refers to hc12.o(i.HC12_Rx_BufferFull) for HC12_Rx_BufferFull
    main.o(i.main) refers to system.o(i.System_TimerDelayMs) for System_TimerDelayMs
    main.o(i.main) refers to lcd.o(i.LCD_Write_Int) for LCD_Write_Int
    main.o(i.main) refers to hc12.o(i.HC12_IncompleteRxData) for HC12_IncompleteRxData
    main.o(i.main) refers to main.o(.data) for rxBuffer
    button.o(i.Button_Init) refers to gpio.o(i.GPIO_InputInit) for GPIO_InputInit
    button.o(i.Button_Init) refers to gpio.o(i.GPIO_OutputInit) for GPIO_OutputInit
    button.o(i.Button_Poll) refers to button.o(i.Debounce) for Debounce
    button.o(i.Debounce) refers to gpio.o(i.GPIO_InputRead) for GPIO_InputRead
    button.o(i.Debounce) refers to system.o(i.System_TimerDelayMs) for System_TimerDelayMs
    hc12.o(i.HC12_IncompleteRxData) refers to uart.o(i.USART_RxIdleLineDetected) for USART_RxIdleLineDetected
    hc12.o(i.HC12_Init) refers to gpio.o(i.GPIO_OutputInit) for GPIO_OutputInit
    hc12.o(i.HC12_Init) refers to gpio.o(i.GPIO_InputInit) for GPIO_InputInit
    hc12.o(i.HC12_Init) refers to uart.o(i.USART_Init) for USART_Init
    hc12.o(i.HC12_RxBufferInit) refers to dma.o(i.DMA_USART_Rx_Init) for DMA_USART_Rx_Init
    hc12.o(i.HC12_Rx_BufferFull) refers to dma.o(i.DMA_Rx_BufferFull) for DMA_Rx_BufferFull
    hc12.o(i.HC12_TransmitByte) refers to uart.o(i.USART_TransmitByte) for USART_TransmitByte
    hc12.o(i.HC12_TransmitBytes) refers to uart.o(i.USART_TransmitBytes) for USART_TransmitBytes
    lcd.o(i.LCD_Clear) refers to lcd.o(i.LCD_Write_Cmd) for LCD_Write_Cmd
    lcd.o(i.LCD_Init) refers to gpio.o(i.GPIO_OutputInit) for GPIO_OutputInit
    lcd.o(i.LCD_Init) refers to i2c.o(i.I2C_Init) for I2C_Init
    lcd.o(i.LCD_Init) refers to systick.o(i.SysTick_DelayMs) for SysTick_DelayMs
    lcd.o(i.LCD_Init) refers to lcd.o(i.LCD_Write_Cmd) for LCD_Write_Cmd
    lcd.o(i.LCD_Set_Cursor) refers to lcd.o(i.LCD_Write_Cmd) for LCD_Write_Cmd
    lcd.o(i.LCD_Set_Cursor) refers to lcd.o(.constdata) for ddramAddr
    lcd.o(i.LCD_Write_Cmd) refers to i2c.o(i.I2C_WriteByte) for I2C_WriteByte
    lcd.o(i.LCD_Write_Cmd) refers to systick.o(i.SysTick_DelayMs) for SysTick_DelayMs
    lcd.o(i.LCD_Write_Data) refers to i2c.o(i.I2C_WriteByte) for I2C_WriteByte
    lcd.o(i.LCD_Write_Data) refers to systick.o(i.SysTick_DelayMs) for SysTick_DelayMs
    lcd.o(i.LCD_Write_Int) refers to lcd.o(i.LCD_Write_Data) for LCD_Write_Data
    lcd.o(i.LCD_Write_Int) refers to lcd.o(i.IntegerToString) for IntegerToString
    lcd.o(i.LCD_Write_Int) refers to lcd.o(i.LCD_Write_String) for LCD_Write_String
    lcd.o(i.LCD_Write_String) refers to lcd.o(i.LCD_Write_Data) for LCD_Write_Data
    system.o(i.System_GetTick) refers to systick.o(i.SysTick_GetTick) for SysTick_GetTick
    system.o(i.System_Init) refers to clocks.o(i.Clocks_Init) for Clocks_Init
    system.o(i.System_Init) refers to systick.o(i.SysTick_Init) for SysTick_Init
    system.o(i.System_Init) refers to gpio.o(i.GPIO_Reset) for GPIO_Reset
    system.o(i.System_TimerDelayMs) refers to systick.o(i.SysTick_DelayMs) for SysTick_DelayMs
    system.o(i.System_TimerDoneCounting) refers to systick.o(i.SysTick_GetTick) for SysTick_GetTick
    systick.o(i.SysTick_DelayMs) refers to systick.o(.data) for numberOfTicks
    systick.o(i.SysTick_GetTick) refers to systick.o(.data) for numberOfTicks
    systick.o(i.SysTick_Handler) refers to systick.o(.data) for numberOfTicks
    i2c.o(i.I2C_ReadMultiByte) refers to i2c.o(i.I2C_ReadByte) for I2C_ReadByte
    i2c.o(i.I2C_ReadMultiByte) refers to i2c.o(i.I2C_Read2Bytes) for I2C_Read2Bytes
    startup_stm32f10x_md.o(STACK) refers (Special) to heapauxi.o(.text) for __use_two_region_memory
    startup_stm32f10x_md.o(HEAP) refers (Special) to heapauxi.o(.text) for __use_two_region_memory
    startup_stm32f10x_md.o(RESET) refers (Special) to heapauxi.o(.text) for __use_two_region_memory
    startup_stm32f10x_md.o(RESET) refers to startup_stm32f10x_md.o(STACK) for __initial_sp
    startup_stm32f10x_md.o(RESET) refers to startup_stm32f10x_md.o(.text) for Reset_Handler
    startup_stm32f10x_md.o(RESET) refers to systick.o(i.SysTick_Handler) for SysTick_Handler
    startup_stm32f10x_md.o(.text) refers (Special) to heapauxi.o(.text) for __use_two_region_memory
    startup_stm32f10x_md.o(.text) refers to system_stm32f10x.o(i.SystemInit) for SystemInit
    startup_stm32f10x_md.o(.text) refers to __main.o(!!!main) for __main
    startup_stm32f10x_md.o(.text) refers to startup_stm32f10x_md.o(HEAP) for Heap_Mem
    startup_stm32f10x_md.o(.text) refers to startup_stm32f10x_md.o(STACK) for Stack_Mem
    system_stm32f10x.o(i.SetSysClock) refers to system_stm32f10x.o(i.SetSysClockTo72) for SetSysClockTo72
    system_stm32f10x.o(i.SystemCoreClockUpdate) refers to system_stm32f10x.o(.data) for SystemCoreClock
    system_stm32f10x.o(i.SystemInit) refers to system_stm32f10x.o(i.SetSysClock) for SetSysClock
    __main.o(!!!main) refers to __rtentry.o(.ARM.Collect$$rtentry$$00000000) for __rt_entry
    __rtentry.o(.ARM.Collect$$rtentry$$00000000) refers (Special) to __rtentry2.o(.ARM.Collect$$rtentry$$0000000A) for __rt_entry_li
    __rtentry.o(.ARM.Collect$$rtentry$$00000000) refers (Special) to __rtentry2.o(.ARM.Collect$$rtentry$$0000000D) for __rt_entry_main
    __rtentry.o(.ARM.Collect$$rtentry$$00000000) refers (Special) to __rtentry2.o(.ARM.Collect$$rtentry$$0000000C) for __rt_entry_postli_1
    __rtentry.o(.ARM.Collect$$rtentry$$00000000) refers (Special) to __rtentry2.o(.ARM.Collect$$rtentry$$00000009) for __rt_entry_postsh_1
    __rtentry.o(.ARM.Collect$$rtentry$$00000000) refers (Special) to __rtentry2.o(.ARM.Collect$$rtentry$$00000002) for __rt_entry_presh_1
    __rtentry.o(.ARM.Collect$$rtentry$$00000000) refers (Special) to __rtentry4.o(.ARM.Collect$$rtentry$$00000004) for __rt_entry_sh
    __rtentry2.o(.ARM.Collect$$rtentry$$00000008) refers to boardinit2.o(.text) for _platform_post_stackheap_init
    __rtentry2.o(.ARM.Collect$$rtentry$$0000000A) refers to libinit.o(.ARM.Collect$$libinit$$00000000) for __rt_lib_init
    __rtentry2.o(.ARM.Collect$$rtentry$$0000000B) refers to boardinit3.o(.text) for _platform_post_lib_init
    __rtentry2.o(.ARM.Collect$$rtentry$$0000000D) refers to main.o(i.main) for main
    __rtentry2.o(.ARM.Collect$$rtentry$$0000000D) refers to exit.o(.text) for exit
    __rtentry2.o(.ARM.exidx) refers to __rtentry2.o(.ARM.Collect$$rtentry$$00000001) for .ARM.Collect$$rtentry$$00000001
    __rtentry2.o(.ARM.exidx) refers to __rtentry2.o(.ARM.Collect$$rtentry$$00000008) for .ARM.Collect$$rtentry$$00000008
    __rtentry2.o(.ARM.exidx) refers to __rtentry2.o(.ARM.Collect$$rtentry$$0000000A) for .ARM.Collect$$rtentry$$0000000A
    __rtentry2.o(.ARM.exidx) refers to __rtentry2.o(.ARM.Collect$$rtentry$$0000000B) for .ARM.Collect$$rtentry$$0000000B
    __rtentry2.o(.ARM.exidx) refers to __rtentry2.o(.ARM.Collect$$rtentry$$0000000D) for .ARM.Collect$$rtentry$$0000000D
    __rtentry4.o(.ARM.Collect$$rtentry$$00000004) refers to sys_stackheap_outer.o(.text) for __user_setup_stackheap
    __rtentry4.o(.ARM.exidx) refers to __rtentry4.o(.ARM.Collect$$rtentry$$00000004) for .ARM.Collect$$rtentry$$00000004
    sys_stackheap_outer.o(.text) refers to libspace.o(.text) for __user_perproc_libspace
    sys_stackheap_outer.o(.text) refers to startup_stm32f10x_md.o(.text) for __user_initial_stackheap
    exit.o(.text) refers to rtexit.o(.ARM.Collect$$rtexit$$00000000) for __rt_exit
    libinit.o(.ARM.Collect$$libinit$$00000000) refers (Special) to libinit2.o(.ARM.Collect$$libinit$$0000002E) for __rt_lib_init_alloca_1
    libinit.o(.ARM.Collect$$libinit$$00000000) refers (Special) to libinit2.o(.ARM.Collect$$libinit$$0000002C) for __rt_lib_init_argv_1
    libinit.o(.ARM.Collect$$libinit$$00000000) refers (Special) to libinit2.o(.ARM.Collect$$libinit$$0000001B) for __rt_lib_init_atexit_1
    libinit.o(.ARM.Collect$$libinit$$00000000) refers (Special) to libinit2.o(.ARM.Collect$$libinit$$00000021) for __rt_lib_init_clock_1
    libinit.o(.ARM.Collect$$libinit$$00000000) refers (Special) to libinit2.o(.ARM.Collect$$libinit$$00000032) for __rt_lib_init_cpp_1
    libinit.o(.ARM.Collect$$libinit$$00000000) refers (Special) to libinit2.o(.ARM.Collect$$libinit$$00000030) for __rt_lib_init_exceptions_1
    libinit.o(.ARM.Collect$$libinit$$00000000) refers (Special) to libinit2.o(.ARM.Collect$$libinit$$00000002) for __rt_lib_init_fp_1
    libinit.o(.ARM.Collect$$libinit$$00000000) refers (Special) to libinit2.o(.ARM.Collect$$libinit$$0000001F) for __rt_lib_init_fp_trap_1
    libinit.o(.ARM.Collect$$libinit$$00000000) refers (Special) to libinit2.o(.ARM.Collect$$libinit$$00000023) for __rt_lib_init_getenv_1
    libinit.o(.ARM.Collect$$libinit$$00000000) refers (Special) to libinit2.o(.ARM.Collect$$libinit$$0000000A) for __rt_lib_init_heap_1
    libinit.o(.ARM.Collect$$libinit$$00000000) refers (Special) to libinit2.o(.ARM.Collect$$libinit$$00000011) for __rt_lib_init_lc_collate_1
    libinit.o(.ARM.Collect$$libinit$$00000000) refers (Special) to libinit2.o(.ARM.Collect$$libinit$$00000013) for __rt_lib_init_lc_ctype_1
    libinit.o(.ARM.Collect$$libinit$$00000000) refers (Special) to libinit2.o(.ARM.Collect$$libinit$$00000015) for __rt_lib_init_lc_monetary_1
    libinit.o(.ARM.Collect$$libinit$$00000000) refers (Special) to libinit2.o(.ARM.Collect$$libinit$$00000017) for __rt_lib_init_lc_numeric_1
    libinit.o(.ARM.Collect$$libinit$$00000000) refers (Special) to libinit2.o(.ARM.Collect$$libinit$$00000019) for __rt_lib_init_lc_time_1
    libinit.o(.ARM.Collect$$libinit$$00000000) refers (Special) to libinit2.o(.ARM.Collect$$libinit$$00000004) for __rt_lib_init_preinit_1
    libinit.o(.ARM.Collect$$libinit$$00000000) refers (Special) to libinit2.o(.ARM.Collect$$libinit$$0000000E) for __rt_lib_init_rand_1
    libinit.o(.ARM.Collect$$libinit$$00000000) refers (Special) to libinit2.o(.ARM.Collect$$libinit$$00000033) for __rt_lib_init_return
    libinit.o(.ARM.Collect$$libinit$$00000000) refers (Special) to libinit2.o(.ARM.Collect$$libinit$$0000001D) for __rt_lib_init_signal_1
    libinit.o(.ARM.Collect$$libinit$$00000000) refers (Special) to libinit2.o(.ARM.Collect$$libinit$$00000025) for __rt_lib_init_stdio_1
    libinit.o(.ARM.Collect$$libinit$$00000000) refers (Special) to libinit2.o(.ARM.Collect$$libinit$$0000000C) for __rt_lib_init_user_alloc_1
    libspace.o(.text) refers to libspace.o(.bss) for __libspace_start
    rtexit.o(.ARM.Collect$$rtexit$$00000000) refers (Special) to rtexit2.o(.ARM.Collect$$rtexit$$00000004) for __rt_exit_exit
    rtexit.o(.ARM.Collect$$rtexit$$00000000) refers (Special) to rtexit2.o(.ARM.Collect$$rtexit$$00000003) for __rt_exit_ls
    rtexit.o(.ARM.Collect$$rtexit$$00000000) refers (Special) to rtexit2.o(.ARM.Collect$$rtexit$$00000002) for __rt_exit_prels_1
    rtexit.o(.ARM.exidx) refers (Special) to rtexit2.o(.ARM.Collect$$rtexit$$00000004) for __rt_exit_exit
    rtexit.o(.ARM.exidx) refers (Special) to rtexit2.o(.ARM.Collect$$rtexit$$00000003) for __rt_exit_ls
    rtexit.o(.ARM.exidx) refers (Special) to rtexit2.o(.ARM.Collect$$rtexit$$00000002) for __rt_exit_prels_1
    rtexit.o(.ARM.exidx) refers to rtexit.o(.ARM.Collect$$rtexit$$00000000) for .ARM.Collect$$rtexit$$00000000
    libinit2.o(.ARM.Collect$$libinit$$00000010) refers to libinit2.o(.ARM.Collect$$libinit$$0000000F) for .ARM.Collect$$libinit$$0000000F
    libinit2.o(.ARM.Collect$$libinit$$00000012) refers to libinit2.o(.ARM.Collect$$libinit$$0000000F) for .ARM.Collect$$libinit$$0000000F
    libinit2.o(.ARM.Collect$$libinit$$00000014) refers to libinit2.o(.ARM.Collect$$libinit$$0000000F) for .ARM.Collect$$libinit$$0000000F
    libinit2.o(.ARM.Collect$$libinit$$00000016) refers to libinit2.o(.ARM.Collect$$libinit$$0000000F) for .ARM.Collect$$libinit$$0000000F
    libinit2.o(.ARM.Collect$$libinit$$00000018) refers to libinit2.o(.ARM.Collect$$libinit$$0000000F) for .ARM.Collect$$libinit$$0000000F
    libinit2.o(.ARM.Collect$$libinit$$00000026) refers to argv_veneer.o(.emb_text) for __ARM_argv_veneer
    libinit2.o(.ARM.Collect$$libinit$$00000027) refers to argv_veneer.o(.emb_text) for __ARM_argv_veneer
    rtexit2.o(.ARM.Collect$$rtexit$$00000003) refers to libshutdown.o(.ARM.Collect$$libshutdown$$00000000) for __rt_lib_shutdown
    rtexit2.o(.ARM.Collect$$rtexit$$00000004) refers to sys_exit.o(.text) for _sys_exit
    rtexit2.o(.ARM.exidx) refers to rtexit2.o(.ARM.Collect$$rtexit$$00000001) for .ARM.Collect$$rtexit$$00000001
    rtexit2.o(.ARM.exidx) refers to rtexit2.o(.ARM.Collect$$rtexit$$00000003) for .ARM.Collect$$rtexit$$00000003
    rtexit2.o(.ARM.exidx) refers to rtexit2.o(.ARM.Collect$$rtexit$$00000004) for .ARM.Collect$$rtexit$$00000004
    argv_veneer.o(.emb_text) refers to no_argv.o(.text) for __ARM_get_argv
    sys_exit.o(.text) refers (Special) to use_no_semi.o(.text) for __I$use$semihosting
    sys_exit.o(.text) refers (Special) to indicate_semi.o(.text) for __semihosting_library_function
    _get_argv_nomalloc.o(.text) refers (Special) to hrguard.o(.text) for __heap_region$guard
    _get_argv_nomalloc.o(.text) refers to defsig_rtmem_outer.o(.text) for __rt_SIGRTMEM
    _get_argv_nomalloc.o(.text) refers to sys_command.o(.text) for _sys_command_string
    libshutdown.o(.ARM.Collect$$libshutdown$$00000000) refers (Special) to libshutdown2.o(.ARM.Collect$$libshutdown$$00000004) for __rt_lib_shutdown_cpp_1
    libshutdown.o(.ARM.Collect$$libshutdown$$00000000) refers (Special) to libshutdown2.o(.ARM.Collect$$libshutdown$$00000002) for __rt_lib_shutdown_fini_1
    libshutdown.o(.ARM.Collect$$libshutdown$$00000000) refers (Special) to libshutdown2.o(.ARM.Collect$$libshutdown$$00000009) for __rt_lib_shutdown_fp_trap_1
    libshutdown.o(.ARM.Collect$$libshutdown$$00000000) refers (Special) to libshutdown2.o(.ARM.Collect$$libshutdown$$00000011) for __rt_lib_shutdown_heap_1
    libshutdown.o(.ARM.Collect$$libshutdown$$00000000) refers (Special) to libshutdown2.o(.ARM.Collect$$libshutdown$$00000012) for __rt_lib_shutdown_return
    libshutdown.o(.ARM.Collect$$libshutdown$$00000000) refers (Special) to libshutdown2.o(.ARM.Collect$$libshutdown$$0000000C) for __rt_lib_shutdown_signal_1
    libshutdown.o(.ARM.Collect$$libshutdown$$00000000) refers (Special) to libshutdown2.o(.ARM.Collect$$libshutdown$$00000006) for __rt_lib_shutdown_stdio_1
    libshutdown.o(.ARM.Collect$$libshutdown$$00000000) refers (Special) to libshutdown2.o(.ARM.Collect$$libshutdown$$0000000E) for __rt_lib_shutdown_user_alloc_1
    sys_command.o(.text) refers (Special) to use_no_semi.o(.text) for __I$use$semihosting
    sys_command.o(.text) refers (Special) to indicate_semi.o(.text) for __semihosting_library_function
    defsig_rtmem_outer.o(.text) refers to defsig_rtmem_inner.o(.text) for __rt_SIGRTMEM_inner
    defsig_rtmem_outer.o(.text) refers to defsig_exit.o(.text) for __sig_exit
    defsig_rtmem_formal.o(.text) refers to rt_raise.o(.text) for __rt_raise
    rt_raise.o(.text) refers to __raise.o(.text) for __raise
    rt_raise.o(.text) refers to sys_exit.o(.text) for _sys_exit
    defsig_exit.o(.text) refers to sys_exit.o(.text) for _sys_exit
    defsig_rtmem_inner.o(.text) refers to defsig_general.o(.text) for __default_signal_display
    __raise.o(.text) refers to defsig.o(CL$$defsig) for __default_signal_handler
    defsig_general.o(.text) refers to sys_wrch.o(.text) for _ttywrch
    sys_wrch.o(.text) refers (Special) to use_no_semi.o(.text) for __I$use$semihosting
    sys_wrch.o(.text) refers (Special) to indicate_semi.o(.text) for __semihosting_library_function
    defsig.o(CL$$defsig) refers to defsig_rtmem_inner.o(.text) for __rt_SIGRTMEM_inner
    defsig_abrt_inner.o(.text) refers to defsig_general.o(.text) for __default_signal_display
    defsig_fpe_inner.o(.text) refers to defsig_general.o(.text) for __default_signal_display
    defsig_rtred_inner.o(.text) refers to defsig_general.o(.text) for __default_signal_display
    defsig_stak_inner.o(.text) refers to defsig_general.o(.text) for __default_signal_display
    defsig_pvfn_inner.o(.text) refers to defsig_general.o(.text) for __default_signal_display
    defsig_cppl_inner.o(.text) refers to defsig_general.o(.text) for __default_signal_display
    defsig_segv_inner.o(.text) refers to defsig_general.o(.text) for __default_signal_display
    defsig_other.o(.text) refers to defsig_general.o(.text) for __default_signal_display


==============================================================================

Removing Unused input sections from the image.

    Removing main.o(.rev16_text), (4 bytes).
    Removing main.o(.revsh_text), (4 bytes).
    Removing main.o(.rrx_text), (6 bytes).
    Removing button.o(.rev16_text), (4 bytes).
    Removing button.o(.revsh_text), (4 bytes).
    Removing button.o(.rrx_text), (6 bytes).
    Removing hc12.o(.rev16_text), (4 bytes).
    Removing hc12.o(.revsh_text), (4 bytes).
    Removing hc12.o(.rrx_text), (6 bytes).
    Removing hc12.o(i.HC12_TransmitByte), (20 bytes).
    Removing lcd.o(.rev16_text), (4 bytes).
    Removing lcd.o(.revsh_text), (4 bytes).
    Removing lcd.o(.rrx_text), (6 bytes).
    Removing lcd.o(i.LCD_Clear), (10 bytes).
    Removing system.o(.rev16_text), (4 bytes).
    Removing system.o(.revsh_text), (4 bytes).
    Removing system.o(.rrx_text), (6 bytes).
    Removing system.o(i.System_TimerDoneCounting), (48 bytes).
    Removing system.o(i.System_TimerInit), (10 bytes).
    Removing clocks.o(.rev16_text), (4 bytes).
    Removing clocks.o(.revsh_text), (4 bytes).
    Removing clocks.o(.rrx_text), (6 bytes).
    Removing dma.o(.rev16_text), (4 bytes).
    Removing dma.o(.revsh_text), (4 bytes).
    Removing dma.o(.rrx_text), (6 bytes).
    Removing dma.o(i.DMA_Rx_CNDTR), (8 bytes).
    Removing gpio.o(.rev16_text), (4 bytes).
    Removing gpio.o(.revsh_text), (4 bytes).
    Removing gpio.o(.rrx_text), (6 bytes).
    Removing gpio.o(i.GPIO_OutputClearReg), (8 bytes).
    Removing gpio.o(i.GPIO_OutputRead), (26 bytes).
    Removing gpio.o(i.GPIO_OutputRegWrite), (8 bytes).
    Removing systick.o(.rev16_text), (4 bytes).
    Removing systick.o(.revsh_text), (4 bytes).
    Removing systick.o(.rrx_text), (6 bytes).
    Removing uart.o(.rev16_text), (4 bytes).
    Removing uart.o(.revsh_text), (4 bytes).
    Removing uart.o(.rrx_text), (6 bytes).
    Removing uart.o(i.USART_TransmitByte), (16 bytes).
    Removing i2c.o(.rev16_text), (4 bytes).
    Removing i2c.o(.revsh_text), (4 bytes).
    Removing i2c.o(.rrx_text), (6 bytes).
    Removing i2c.o(i.I2C_Read2Bytes), (170 bytes).
    Removing i2c.o(i.I2C_ReadByte), (158 bytes).
    Removing i2c.o(i.I2C_ReadMultiByte), (292 bytes).
    Removing i2c.o(i.I2C_WriteMultiByte), (130 bytes).
    Removing system_stm32f10x.o(.rev16_text), (4 bytes).
    Removing system_stm32f10x.o(.revsh_text), (4 bytes).
    Removing system_stm32f10x.o(.rrx_text), (6 bytes).
    Removing system_stm32f10x.o(i.SystemCoreClockUpdate), (164 bytes).
    Removing system_stm32f10x.o(.data), (20 bytes).

51 unused section(s) (total 1256 bytes) removed from the image.

==============================================================================

Image Symbol Table

    Local Symbols

    Symbol Name                              Value     Ov Type        Size  Object(Section)

    ../clib/angel/boardlib.s                 0x00000000   Number         0  boardinit2.o ABSOLUTE
    ../clib/angel/boardlib.s                 0x00000000   Number         0  boardinit1.o ABSOLUTE
    ../clib/angel/boardlib.s                 0x00000000   Number         0  boardshut.o ABSOLUTE
    ../clib/angel/boardlib.s                 0x00000000   Number         0  boardinit3.o ABSOLUTE
    ../clib/angel/handlers.s                 0x00000000   Number         0  __scatter_copy.o ABSOLUTE
    ../clib/angel/handlers.s                 0x00000000   Number         0  __scatter_zi.o ABSOLUTE
    ../clib/angel/kernel.s                   0x00000000   Number         0  rtexit2.o ABSOLUTE
    ../clib/angel/kernel.s                   0x00000000   Number         0  __rtentry2.o ABSOLUTE
    ../clib/angel/kernel.s                   0x00000000   Number         0  __rtentry.o ABSOLUTE
    ../clib/angel/kernel.s                   0x00000000   Number         0  __rtentry4.o ABSOLUTE
    ../clib/angel/kernel.s                   0x00000000   Number         0  rtexit.o ABSOLUTE
    ../clib/angel/rt.s                       0x00000000   Number         0  rt_raise.o ABSOLUTE
    ../clib/angel/scatter.s                  0x00000000   Number         0  __scatter.o ABSOLUTE
    ../clib/angel/startup.s                  0x00000000   Number         0  __main.o ABSOLUTE
    ../clib/angel/sys.s                      0x00000000   Number         0  indicate_semi.o ABSOLUTE
    ../clib/angel/sys.s                      0x00000000   Number         0  libspace.o ABSOLUTE
    ../clib/angel/sys.s                      0x00000000   Number         0  sys_stackheap_outer.o ABSOLUTE
    ../clib/angel/sys.s                      0x00000000   Number         0  use_no_semi.o ABSOLUTE
    ../clib/angel/sysapp.c                   0x00000000   Number         0  sys_command.o ABSOLUTE
    ../clib/angel/sysapp.c                   0x00000000   Number         0  sys_wrch.o ABSOLUTE
    ../clib/angel/sysapp.c                   0x00000000   Number         0  sys_exit.o ABSOLUTE
    ../clib/armsys.c                         0x00000000   Number         0  argv_veneer.o ABSOLUTE
    ../clib/armsys.c                         0x00000000   Number         0  no_argv.o ABSOLUTE
    ../clib/armsys.c                         0x00000000   Number         0  _get_argv_nomalloc.o ABSOLUTE
    ../clib/armsys.c                         0x00000000   Number         0  argv_veneer.o ABSOLUTE
    ../clib/heapalloc.c                      0x00000000   Number         0  hrguard.o ABSOLUTE
    ../clib/heapaux.c                        0x00000000   Number         0  heapauxi.o ABSOLUTE
    ../clib/libinit.s                        0x00000000   Number         0  libinit.o ABSOLUTE
    ../clib/libinit.s                        0x00000000   Number         0  libshutdown2.o ABSOLUTE
    ../clib/libinit.s                        0x00000000   Number         0  libshutdown.o ABSOLUTE
    ../clib/libinit.s                        0x00000000   Number         0  libinit2.o ABSOLUTE
    ../clib/signal.c                         0x00000000   Number         0  defsig_pvfn_inner.o ABSOLUTE
    ../clib/signal.c                         0x00000000   Number         0  defsig_cppl_inner.o ABSOLUTE
    ../clib/signal.c                         0x00000000   Number         0  defsig_segv_inner.o ABSOLUTE
    ../clib/signal.c                         0x00000000   Number         0  defsig_other.o ABSOLUTE
    ../clib/signal.c                         0x00000000   Number         0  defsig_rtmem_formal.o ABSOLUTE
    ../clib/signal.c                         0x00000000   Number         0  defsig_rtmem_outer.o ABSOLUTE
    ../clib/signal.c                         0x00000000   Number         0  defsig_fpe_inner.o ABSOLUTE
    ../clib/signal.c                         0x00000000   Number         0  defsig_exit.o ABSOLUTE
    ../clib/signal.c                         0x00000000   Number         0  defsig_rtmem_inner.o ABSOLUTE
    ../clib/signal.c                         0x00000000   Number         0  __raise.o ABSOLUTE
    ../clib/signal.c                         0x00000000   Number         0  defsig_general.o ABSOLUTE
    ../clib/signal.c                         0x00000000   Number         0  defsig_abrt_inner.o ABSOLUTE
    ../clib/signal.c                         0x00000000   Number         0  defsig_rtred_inner.o ABSOLUTE
    ../clib/signal.c                         0x00000000   Number         0  defsig_stak_inner.o ABSOLUTE
    ../clib/signal.s                         0x00000000   Number         0  defsig.o ABSOLUTE
    ../clib/stdlib.c                         0x00000000   Number         0  exit.o ABSOLUTE
    ../fplib/fpinit.s                        0x00000000   Number         0  fpinit.o ABSOLUTE
    RTE\Device\STM32F103C8\startup_stm32f10x_md.s 0x00000000   Number         0  startup_stm32f10x_md.o ABSOLUTE
    RTE\Device\STM32F103C8\system_stm32f10x.c 0x00000000   Number         0  system_stm32f10x.o ABSOLUTE
    RTE\\Device\\STM32F103C8\\system_stm32f10x.c 0x00000000   Number         0  system_stm32f10x.o ABSOLUTE
    button.c                                 0x00000000   Number         0  button.o ABSOLUTE
    button.c                                 0x00000000   Number         0  button.o ABSOLUTE
    clocks.c                                 0x00000000   Number         0  clocks.o ABSOLUTE
    clocks.c                                 0x00000000   Number         0  clocks.o ABSOLUTE
    dc.s                                     0x00000000   Number         0  dc.o ABSOLUTE
    dma.c                                    0x00000000   Number         0  dma.o ABSOLUTE
    dma.c                                    0x00000000   Number         0  dma.o ABSOLUTE
    gpio.c                                   0x00000000   Number         0  gpio.o ABSOLUTE
    gpio.c                                   0x00000000   Number         0  gpio.o ABSOLUTE
    hc12.c                                   0x00000000   Number         0  hc12.o ABSOLUTE
    hc12.c                                   0x00000000   Number         0  hc12.o ABSOLUTE
    i2c.c                                    0x00000000   Number         0  i2c.o ABSOLUTE
    i2c.c                                    0x00000000   Number         0  i2c.o ABSOLUTE
    lcd.c                                    0x00000000   Number         0  lcd.o ABSOLUTE
    lcd.c                                    0x00000000   Number         0  lcd.o ABSOLUTE
    main.c                                   0x00000000   Number         0  main.o ABSOLUTE
    main.c                                   0x00000000   Number         0  main.o ABSOLUTE
    system.c                                 0x00000000   Number         0  system.o ABSOLUTE
    system.c                                 0x00000000   Number         0  system.o ABSOLUTE
    systick.c                                0x00000000   Number         0  systick.o ABSOLUTE
    systick.c                                0x00000000   Number         0  systick.o ABSOLUTE
    uart.c                                   0x00000000   Number         0  uart.o ABSOLUTE
    uart.c                                   0x00000000   Number         0  uart.o ABSOLUTE
    RESET                                    0x08000000   Section      236  startup_stm32f10x_md.o(RESET)
    !!!main                                  0x080000ec   Section        8  __main.o(!!!main)
    !!!scatter                               0x080000f4   Section       52  __scatter.o(!!!scatter)
    !!handler_copy                           0x08000128   Section       26  __scatter_copy.o(!!handler_copy)
    !!handler_zi                             0x08000144   Section       28  __scatter_zi.o(!!handler_zi)
    .ARM.Collect$$libinit$$00000000          0x08000160   Section        2  libinit.o(.ARM.Collect$$libinit$$00000000)
    .ARM.Collect$$libinit$$00000002          0x08000162   Section        0  libinit2.o(.ARM.Collect$$libinit$$00000002)
    .ARM.Collect$$libinit$$00000004          0x08000162   Section        0  libinit2.o(.ARM.Collect$$libinit$$00000004)
    .ARM.Collect$$libinit$$0000000A          0x08000162   Section        0  libinit2.o(.ARM.Collect$$libinit$$0000000A)
    .ARM.Collect$$libinit$$0000000C          0x08000162   Section        0  libinit2.o(.ARM.Collect$$libinit$$0000000C)
    .ARM.Collect$$libinit$$0000000E          0x08000162   Section        0  libinit2.o(.ARM.Collect$$libinit$$0000000E)
    .ARM.Collect$$libinit$$00000011          0x08000162   Section        0  libinit2.o(.ARM.Collect$$libinit$$00000011)
    .ARM.Collect$$libinit$$00000013          0x08000162   Section        0  libinit2.o(.ARM.Collect$$libinit$$00000013)
    .ARM.Collect$$libinit$$00000015          0x08000162   Section        0  libinit2.o(.ARM.Collect$$libinit$$00000015)
    .ARM.Collect$$libinit$$00000017          0x08000162   Section        0  libinit2.o(.ARM.Collect$$libinit$$00000017)
    .ARM.Collect$$libinit$$00000019          0x08000162   Section        0  libinit2.o(.ARM.Collect$$libinit$$00000019)
    .ARM.Collect$$libinit$$0000001B          0x08000162   Section        0  libinit2.o(.ARM.Collect$$libinit$$0000001B)
    .ARM.Collect$$libinit$$0000001D          0x08000162   Section        0  libinit2.o(.ARM.Collect$$libinit$$0000001D)
    .ARM.Collect$$libinit$$0000001F          0x08000162   Section        0  libinit2.o(.ARM.Collect$$libinit$$0000001F)
    .ARM.Collect$$libinit$$00000021          0x08000162   Section        0  libinit2.o(.ARM.Collect$$libinit$$00000021)
    .ARM.Collect$$libinit$$00000023          0x08000162   Section        0  libinit2.o(.ARM.Collect$$libinit$$00000023)
    .ARM.Collect$$libinit$$00000025          0x08000162   Section        0  libinit2.o(.ARM.Collect$$libinit$$00000025)
    .ARM.Collect$$libinit$$0000002C          0x08000162   Section        0  libinit2.o(.ARM.Collect$$libinit$$0000002C)
    .ARM.Collect$$libinit$$0000002E          0x08000162   Section        0  libinit2.o(.ARM.Collect$$libinit$$0000002E)
    .ARM.Collect$$libinit$$00000030          0x08000162   Section        0  libinit2.o(.ARM.Collect$$libinit$$00000030)
    .ARM.Collect$$libinit$$00000032          0x08000162   Section        0  libinit2.o(.ARM.Collect$$libinit$$00000032)
    .ARM.Collect$$libinit$$00000033          0x08000162   Section        2  libinit2.o(.ARM.Collect$$libinit$$00000033)
    .ARM.Collect$$libshutdown$$00000000      0x08000164   Section        2  libshutdown.o(.ARM.Collect$$libshutdown$$00000000)
    .ARM.Collect$$libshutdown$$00000002      0x08000166   Section        0  libshutdown2.o(.ARM.Collect$$libshutdown$$00000002)
    .ARM.Collect$$libshutdown$$00000004      0x08000166   Section        0  libshutdown2.o(.ARM.Collect$$libshutdown$$00000004)
    .ARM.Collect$$libshutdown$$00000006      0x08000166   Section        0  libshutdown2.o(.ARM.Collect$$libshutdown$$00000006)
    .ARM.Collect$$libshutdown$$00000009      0x08000166   Section        0  libshutdown2.o(.ARM.Collect$$libshutdown$$00000009)
    .ARM.Collect$$libshutdown$$0000000C      0x08000166   Section        0  libshutdown2.o(.ARM.Collect$$libshutdown$$0000000C)
    .ARM.Collect$$libshutdown$$0000000E      0x08000166   Section        0  libshutdown2.o(.ARM.Collect$$libshutdown$$0000000E)
    .ARM.Collect$$libshutdown$$00000011      0x08000166   Section        0  libshutdown2.o(.ARM.Collect$$libshutdown$$00000011)
    .ARM.Collect$$libshutdown$$00000012      0x08000166   Section        2  libshutdown2.o(.ARM.Collect$$libshutdown$$00000012)
    .ARM.Collect$$rtentry$$00000000          0x08000168   Section        0  __rtentry.o(.ARM.Collect$$rtentry$$00000000)
    .ARM.Collect$$rtentry$$00000002          0x08000168   Section        0  __rtentry2.o(.ARM.Collect$$rtentry$$00000002)
    .ARM.Collect$$rtentry$$00000004          0x08000168   Section        6  __rtentry4.o(.ARM.Collect$$rtentry$$00000004)
    .ARM.Collect$$rtentry$$00000009          0x0800016e   Section        0  __rtentry2.o(.ARM.Collect$$rtentry$$00000009)
    .ARM.Collect$$rtentry$$0000000A          0x0800016e   Section        4  __rtentry2.o(.ARM.Collect$$rtentry$$0000000A)
    .ARM.Collect$$rtentry$$0000000C          0x08000172   Section        0  __rtentry2.o(.ARM.Collect$$rtentry$$0000000C)
    .ARM.Collect$$rtentry$$0000000D          0x08000172   Section        8  __rtentry2.o(.ARM.Collect$$rtentry$$0000000D)
    .ARM.Collect$$rtexit$$00000000           0x0800017a   Section        2  rtexit.o(.ARM.Collect$$rtexit$$00000000)
    .ARM.Collect$$rtexit$$00000002           0x0800017c   Section        0  rtexit2.o(.ARM.Collect$$rtexit$$00000002)
    .ARM.Collect$$rtexit$$00000003           0x0800017c   Section        4  rtexit2.o(.ARM.Collect$$rtexit$$00000003)
    .ARM.Collect$$rtexit$$00000004           0x08000180   Section        6  rtexit2.o(.ARM.Collect$$rtexit$$00000004)
    .text                                    0x08000188   Section       64  startup_stm32f10x_md.o(.text)
    .text                                    0x080001c8   Section        0  heapauxi.o(.text)
    .text                                    0x080001ce   Section       74  sys_stackheap_outer.o(.text)
    .text                                    0x08000218   Section        0  exit.o(.text)
    .text                                    0x0800022c   Section        8  libspace.o(.text)
    .text                                    0x08000234   Section        0  sys_exit.o(.text)
    .text                                    0x08000240   Section        2  use_no_semi.o(.text)
    .text                                    0x08000242   Section        0  indicate_semi.o(.text)
    i.Button_Init                            0x08000244   Section        0  button.o(i.Button_Init)
    i.Button_Poll                            0x08000270   Section        0  button.o(i.Button_Poll)
    i.Clocks_Init                            0x08000280   Section        0  clocks.o(i.Clocks_Init)
    i.DMA_Rx_BufferFull                      0x080002e0   Section        0  dma.o(i.DMA_Rx_BufferFull)
    i.DMA_USART_Rx_Init                      0x0800030c   Section        0  dma.o(i.DMA_USART_Rx_Init)
    i.Debounce                               0x08000328   Section        0  button.o(i.Debounce)
    Debounce                                 0x08000329   Thumb Code    40  button.o(i.Debounce)
    i.GPIO_InputInit                         0x08000354   Section        0  gpio.o(i.GPIO_InputInit)
    i.GPIO_InputRead                         0x08000374   Section        0  gpio.o(i.GPIO_InputRead)
    i.GPIO_OutputInit                        0x0800038e   Section        0  gpio.o(i.GPIO_OutputInit)
    i.GPIO_OutputWrite                       0x080003a8   Section        0  gpio.o(i.GPIO_OutputWrite)
    i.GPIO_Reset                             0x080003c4   Section        0  gpio.o(i.GPIO_Reset)
    i.HC12_IncompleteRxData                  0x08000424   Section        0  hc12.o(i.HC12_IncompleteRxData)
    i.HC12_Init                              0x0800043c   Section        0  hc12.o(i.HC12_Init)
    i.HC12_RxBufferInit                      0x08000474   Section        0  hc12.o(i.HC12_RxBufferInit)
    i.HC12_Rx_BufferFull                     0x08000494   Section        0  hc12.o(i.HC12_Rx_BufferFull)
    i.HC12_TransmitBytes                     0x080004a4   Section        0  hc12.o(i.HC12_TransmitBytes)
    i.I2C_Init                               0x080004bc   Section        0  i2c.o(i.I2C_Init)
    i.I2C_WriteByte                          0x080004e2   Section        0  i2c.o(i.I2C_WriteByte)
    i.IntegerToString                        0x08000554   Section        0  lcd.o(i.IntegerToString)
    IntegerToString                          0x08000555   Thumb Code    68  lcd.o(i.IntegerToString)
    i.LCD_Init                               0x08000598   Section        0  lcd.o(i.LCD_Init)
    i.LCD_Set_Cursor                         0x08000604   Section        0  lcd.o(i.LCD_Set_Cursor)
    i.LCD_Write_Cmd                          0x0800062c   Section        0  lcd.o(i.LCD_Write_Cmd)
    LCD_Write_Cmd                            0x0800062d   Thumb Code   142  lcd.o(i.LCD_Write_Cmd)
    i.LCD_Write_Data                         0x080006c0   Section        0  lcd.o(i.LCD_Write_Data)
    i.LCD_Write_Int                          0x08000754   Section        0  lcd.o(i.LCD_Write_Int)
    i.LCD_Write_String                       0x0800077c   Section        0  lcd.o(i.LCD_Write_String)
    i.SetSysClock                            0x08000792   Section        0  system_stm32f10x.o(i.SetSysClock)
    SetSysClock                              0x08000793   Thumb Code     8  system_stm32f10x.o(i.SetSysClock)
    i.SetSysClockTo72                        0x0800079c   Section        0  system_stm32f10x.o(i.SetSysClockTo72)
    SetSysClockTo72                          0x0800079d   Thumb Code   214  system_stm32f10x.o(i.SetSysClockTo72)
    i.SysTick_DelayMs                        0x0800087c   Section        0  systick.o(i.SysTick_DelayMs)
    i.SysTick_GetTick                        0x08000894   Section        0  systick.o(i.SysTick_GetTick)
    i.SysTick_Handler                        0x080008a0   Section        0  systick.o(i.SysTick_Handler)
    i.SysTick_Init                           0x080008b0   Section        0  systick.o(i.SysTick_Init)
    i.SystemInit                             0x080008cc   Section        0  system_stm32f10x.o(i.SystemInit)
    i.System_GetTick                         0x0800092c   Section        0  system.o(i.System_GetTick)
    i.System_Init                            0x08000934   Section        0  system.o(i.System_Init)
    i.System_TimerDelayMs                    0x08000944   Section        0  system.o(i.System_TimerDelayMs)
    i.USART_Init                             0x08000950   Section        0  uart.o(i.USART_Init)
    i.USART_RxIdleLineDetected               0x080009b2   Section        0  uart.o(i.USART_RxIdleLineDetected)
    i.USART_TransmitBytes                    0x080009cc   Section        0  uart.o(i.USART_TransmitBytes)
    i.main                                   0x080009fc   Section        0  main.o(i.main)
    .constdata                               0x08000aec   Section       32  lcd.o(.constdata)
    .data                                    0x20000000   Section       28  main.o(.data)
    .data                                    0x2000001c   Section        4  systick.o(.data)
    numberOfTicks                            0x2000001c   Data           4  systick.o(.data)
    .bss                                     0x20000020   Section       96  libspace.o(.bss)
    HEAP                                     0x20000080   Section      512  startup_stm32f10x_md.o(HEAP)
    Heap_Mem                                 0x20000080   Data         512  startup_stm32f10x_md.o(HEAP)
    STACK                                    0x20000280   Section     1024  startup_stm32f10x_md.o(STACK)
    Stack_Mem                                0x20000280   Data        1024  startup_stm32f10x_md.o(STACK)
    __initial_sp                             0x20000680   Data           0  startup_stm32f10x_md.o(STACK)

    Global Symbols

    Symbol Name                              Value     Ov Type        Size  Object(Section)

    BuildAttributes$$THM_ISAv4$P$D$K$B$S$PE$A:L22UL41UL21$X:L11$S22US41US21$IEEE1$IW$USESV6$~STKCKD$USESV7$~SHL$OSPACE$ROPI$EBA8$UX$STANDARDLIB$REQ8$PRES8$EABIv2 0x00000000   Number         0  anon$$obj.o ABSOLUTE
    __ARM_use_no_argv                        0x00000000   Number         0  main.o ABSOLUTE
    __ARM_exceptions_init                     - Undefined Weak Reference
    __alloca_initialize                       - Undefined Weak Reference
    __arm_fini_                               - Undefined Weak Reference
    __arm_preinit_                            - Undefined Weak Reference
    __cpp_initialize__aeabi_                  - Undefined Weak Reference
    __cxa_finalize                            - Undefined Weak Reference
    __rt_locale                               - Undefined Weak Reference
    __sigvec_lookup                           - Undefined Weak Reference
    _atexit_init                              - Undefined Weak Reference
    _call_atexit_fns                          - Undefined Weak Reference
    _clock_init                               - Undefined Weak Reference
    _fp_trap_init                             - Undefined Weak Reference
    _fp_trap_shutdown                         - Undefined Weak Reference
    _get_lc_collate                           - Undefined Weak Reference
    _get_lc_ctype                             - Undefined Weak Reference
    _get_lc_monetary                          - Undefined Weak Reference
    _get_lc_numeric                           - Undefined Weak Reference
    _get_lc_time                              - Undefined Weak Reference
    _getenv_init                              - Undefined Weak Reference
    _handle_redirection                       - Undefined Weak Reference
    _init_alloc                               - Undefined Weak Reference
    _init_user_alloc                          - Undefined Weak Reference
    _initio                                   - Undefined Weak Reference
    _rand_init                                - Undefined Weak Reference
    _signal_finish                            - Undefined Weak Reference
    _signal_init                              - Undefined Weak Reference
    _terminate_alloc                          - Undefined Weak Reference
    _terminate_user_alloc                     - Undefined Weak Reference
    _terminateio                              - Undefined Weak Reference
    __Vectors_Size                           0x000000ec   Number         0  startup_stm32f10x_md.o ABSOLUTE
    __Vectors                                0x08000000   Data           4  startup_stm32f10x_md.o(RESET)
    __Vectors_End                            0x080000ec   Data           0  startup_stm32f10x_md.o(RESET)
    __main                                   0x080000ed   Thumb Code     8  __main.o(!!!main)
    __scatterload                            0x080000f5   Thumb Code     0  __scatter.o(!!!scatter)
    __scatterload_rt2                        0x080000f5   Thumb Code    44  __scatter.o(!!!scatter)
    __scatterload_rt2_thumb_only             0x080000f5   Thumb Code     0  __scatter.o(!!!scatter)
    __scatterload_null                       0x08000103   Thumb Code     0  __scatter.o(!!!scatter)
    __scatterload_copy                       0x08000129   Thumb Code    26  __scatter_copy.o(!!handler_copy)
    __scatterload_zeroinit                   0x08000145   Thumb Code    28  __scatter_zi.o(!!handler_zi)
    __rt_lib_init                            0x08000161   Thumb Code     0  libinit.o(.ARM.Collect$$libinit$$00000000)
    __rt_lib_init_alloca_1                   0x08000163   Thumb Code     0  libinit2.o(.ARM.Collect$$libinit$$0000002E)
    __rt_lib_init_argv_1                     0x08000163   Thumb Code     0  libinit2.o(.ARM.Collect$$libinit$$0000002C)
    __rt_lib_init_atexit_1                   0x08000163   Thumb Code     0  libinit2.o(.ARM.Collect$$libinit$$0000001B)
    __rt_lib_init_clock_1                    0x08000163   Thumb Code     0  libinit2.o(.ARM.Collect$$libinit$$00000021)
    __rt_lib_init_cpp_1                      0x08000163   Thumb Code     0  libinit2.o(.ARM.Collect$$libinit$$00000032)
    __rt_lib_init_exceptions_1               0x08000163   Thumb Code     0  libinit2.o(.ARM.Collect$$libinit$$00000030)
    __rt_lib_init_fp_1                       0x08000163   Thumb Code     0  libinit2.o(.ARM.Collect$$libinit$$00000002)
    __rt_lib_init_fp_trap_1                  0x08000163   Thumb Code     0  libinit2.o(.ARM.Collect$$libinit$$0000001F)
    __rt_lib_init_getenv_1                   0x08000163   Thumb Code     0  libinit2.o(.ARM.Collect$$libinit$$00000023)
    __rt_lib_init_heap_1                     0x08000163   Thumb Code     0  libinit2.o(.ARM.Collect$$libinit$$0000000A)
    __rt_lib_init_lc_collate_1               0x08000163   Thumb Code     0  libinit2.o(.ARM.Collect$$libinit$$00000011)
    __rt_lib_init_lc_ctype_1                 0x08000163   Thumb Code     0  libinit2.o(.ARM.Collect$$libinit$$00000013)
    __rt_lib_init_lc_monetary_1              0x08000163   Thumb Code     0  libinit2.o(.ARM.Collect$$libinit$$00000015)
    __rt_lib_init_lc_numeric_1               0x08000163   Thumb Code     0  libinit2.o(.ARM.Collect$$libinit$$00000017)
    __rt_lib_init_lc_time_1                  0x08000163   Thumb Code     0  libinit2.o(.ARM.Collect$$libinit$$00000019)
    __rt_lib_init_preinit_1                  0x08000163   Thumb Code     0  libinit2.o(.ARM.Collect$$libinit$$00000004)
    __rt_lib_init_rand_1                     0x08000163   Thumb Code     0  libinit2.o(.ARM.Collect$$libinit$$0000000E)
    __rt_lib_init_return                     0x08000163   Thumb Code     0  libinit2.o(.ARM.Collect$$libinit$$00000033)
    __rt_lib_init_signal_1                   0x08000163   Thumb Code     0  libinit2.o(.ARM.Collect$$libinit$$0000001D)
    __rt_lib_init_stdio_1                    0x08000163   Thumb Code     0  libinit2.o(.ARM.Collect$$libinit$$00000025)
    __rt_lib_init_user_alloc_1               0x08000163   Thumb Code     0  libinit2.o(.ARM.Collect$$libinit$$0000000C)
    __rt_lib_shutdown                        0x08000165   Thumb Code     0  libshutdown.o(.ARM.Collect$$libshutdown$$00000000)
    __rt_lib_shutdown_cpp_1                  0x08000167   Thumb Code     0  libshutdown2.o(.ARM.Collect$$libshutdown$$00000004)
    __rt_lib_shutdown_fini_1                 0x08000167   Thumb Code     0  libshutdown2.o(.ARM.Collect$$libshutdown$$00000002)
    __rt_lib_shutdown_fp_trap_1              0x08000167   Thumb Code     0  libshutdown2.o(.ARM.Collect$$libshutdown$$00000009)
    __rt_lib_shutdown_heap_1                 0x08000167   Thumb Code     0  libshutdown2.o(.ARM.Collect$$libshutdown$$00000011)
    __rt_lib_shutdown_return                 0x08000167   Thumb Code     0  libshutdown2.o(.ARM.Collect$$libshutdown$$00000012)
    __rt_lib_shutdown_signal_1               0x08000167   Thumb Code     0  libshutdown2.o(.ARM.Collect$$libshutdown$$0000000C)
    __rt_lib_shutdown_stdio_1                0x08000167   Thumb Code     0  libshutdown2.o(.ARM.Collect$$libshutdown$$00000006)
    __rt_lib_shutdown_user_alloc_1           0x08000167   Thumb Code     0  libshutdown2.o(.ARM.Collect$$libshutdown$$0000000E)
    __rt_entry                               0x08000169   Thumb Code     0  __rtentry.o(.ARM.Collect$$rtentry$$00000000)
    __rt_entry_presh_1                       0x08000169   Thumb Code     0  __rtentry2.o(.ARM.Collect$$rtentry$$00000002)
    __rt_entry_sh                            0x08000169   Thumb Code     0  __rtentry4.o(.ARM.Collect$$rtentry$$00000004)
    __rt_entry_li                            0x0800016f   Thumb Code     0  __rtentry2.o(.ARM.Collect$$rtentry$$0000000A)
    __rt_entry_postsh_1                      0x0800016f   Thumb Code     0  __rtentry2.o(.ARM.Collect$$rtentry$$00000009)
    __rt_entry_main                          0x08000173   Thumb Code     0  __rtentry2.o(.ARM.Collect$$rtentry$$0000000D)
    __rt_entry_postli_1                      0x08000173   Thumb Code     0  __rtentry2.o(.ARM.Collect$$rtentry$$0000000C)
    __rt_exit                                0x0800017b   Thumb Code     0  rtexit.o(.ARM.Collect$$rtexit$$00000000)
    __rt_exit_ls                             0x0800017d   Thumb Code     0  rtexit2.o(.ARM.Collect$$rtexit$$00000003)
    __rt_exit_prels_1                        0x0800017d   Thumb Code     0  rtexit2.o(.ARM.Collect$$rtexit$$00000002)
    __rt_exit_exit                           0x08000181   Thumb Code     0  rtexit2.o(.ARM.Collect$$rtexit$$00000004)
    Reset_Handler                            0x08000189   Thumb Code     8  startup_stm32f10x_md.o(.text)
    NMI_Handler                              0x08000191   Thumb Code     2  startup_stm32f10x_md.o(.text)
    HardFault_Handler                        0x08000193   Thumb Code     2  startup_stm32f10x_md.o(.text)
    MemManage_Handler                        0x08000195   Thumb Code     2  startup_stm32f10x_md.o(.text)
    BusFault_Handler                         0x08000197   Thumb Code     2  startup_stm32f10x_md.o(.text)
    UsageFault_Handler                       0x08000199   Thumb Code     2  startup_stm32f10x_md.o(.text)
    SVC_Handler                              0x0800019b   Thumb Code     2  startup_stm32f10x_md.o(.text)
    DebugMon_Handler                         0x0800019d   Thumb Code     2  startup_stm32f10x_md.o(.text)
    PendSV_Handler                           0x0800019f   Thumb Code     2  startup_stm32f10x_md.o(.text)
    ADC1_2_IRQHandler                        0x080001a3   Thumb Code     0  startup_stm32f10x_md.o(.text)
    CAN1_RX1_IRQHandler                      0x080001a3   Thumb Code     0  startup_stm32f10x_md.o(.text)
    CAN1_SCE_IRQHandler                      0x080001a3   Thumb Code     0  startup_stm32f10x_md.o(.text)
    DMA1_Channel1_IRQHandler                 0x080001a3   Thumb Code     0  startup_stm32f10x_md.o(.text)
    DMA1_Channel2_IRQHandler                 0x080001a3   Thumb Code     0  startup_stm32f10x_md.o(.text)
    DMA1_Channel3_IRQHandler                 0x080001a3   Thumb Code     0  startup_stm32f10x_md.o(.text)
    DMA1_Channel4_IRQHandler                 0x080001a3   Thumb Code     0  startup_stm32f10x_md.o(.text)
    DMA1_Channel5_IRQHandler                 0x080001a3   Thumb Code     0  startup_stm32f10x_md.o(.text)
    DMA1_Channel6_IRQHandler                 0x080001a3   Thumb Code     0  startup_stm32f10x_md.o(.text)
    DMA1_Channel7_IRQHandler                 0x080001a3   Thumb Code     0  startup_stm32f10x_md.o(.text)
    EXTI0_IRQHandler                         0x080001a3   Thumb Code     0  startup_stm32f10x_md.o(.text)
    EXTI15_10_IRQHandler                     0x080001a3   Thumb Code     0  startup_stm32f10x_md.o(.text)
    EXTI1_IRQHandler                         0x080001a3   Thumb Code     0  startup_stm32f10x_md.o(.text)
    EXTI2_IRQHandler                         0x080001a3   Thumb Code     0  startup_stm32f10x_md.o(.text)
    EXTI3_IRQHandler                         0x080001a3   Thumb Code     0  startup_stm32f10x_md.o(.text)
    EXTI4_IRQHandler                         0x080001a3   Thumb Code     0  startup_stm32f10x_md.o(.text)
    EXTI9_5_IRQHandler                       0x080001a3   Thumb Code     0  startup_stm32f10x_md.o(.text)
    FLASH_IRQHandler                         0x080001a3   Thumb Code     0  startup_stm32f10x_md.o(.text)
    I2C1_ER_IRQHandler                       0x080001a3   Thumb Code     0  startup_stm32f10x_md.o(.text)
    I2C1_EV_IRQHandler                       0x080001a3   Thumb Code     0  startup_stm32f10x_md.o(.text)
    I2C2_ER_IRQHandler                       0x080001a3   Thumb Code     0  startup_stm32f10x_md.o(.text)
    I2C2_EV_IRQHandler                       0x080001a3   Thumb Code     0  startup_stm32f10x_md.o(.text)
    PVD_IRQHandler                           0x080001a3   Thumb Code     0  startup_stm32f10x_md.o(.text)
    RCC_IRQHandler                           0x080001a3   Thumb Code     0  startup_stm32f10x_md.o(.text)
    RTCAlarm_IRQHandler                      0x080001a3   Thumb Code     0  startup_stm32f10x_md.o(.text)
    RTC_IRQHandler                           0x080001a3   Thumb Code     0  startup_stm32f10x_md.o(.text)
    SPI1_IRQHandler                          0x080001a3   Thumb Code     0  startup_stm32f10x_md.o(.text)
    SPI2_IRQHandler                          0x080001a3   Thumb Code     0  startup_stm32f10x_md.o(.text)
    TAMPER_IRQHandler                        0x080001a3   Thumb Code     0  startup_stm32f10x_md.o(.text)
    TIM1_BRK_IRQHandler                      0x080001a3   Thumb Code     0  startup_stm32f10x_md.o(.text)
    TIM1_CC_IRQHandler                       0x080001a3   Thumb Code     0  startup_stm32f10x_md.o(.text)
    TIM1_TRG_COM_IRQHandler                  0x080001a3   Thumb Code     0  startup_stm32f10x_md.o(.text)
    TIM1_UP_IRQHandler                       0x080001a3   Thumb Code     0  startup_stm32f10x_md.o(.text)
    TIM2_IRQHandler                          0x080001a3   Thumb Code     0  startup_stm32f10x_md.o(.text)
    TIM3_IRQHandler                          0x080001a3   Thumb Code     0  startup_stm32f10x_md.o(.text)
    TIM4_IRQHandler                          0x080001a3   Thumb Code     0  startup_stm32f10x_md.o(.text)
    USART1_IRQHandler                        0x080001a3   Thumb Code     0  startup_stm32f10x_md.o(.text)
    USART2_IRQHandler                        0x080001a3   Thumb Code     0  startup_stm32f10x_md.o(.text)
    USART3_IRQHandler                        0x080001a3   Thumb Code     0  startup_stm32f10x_md.o(.text)
    USBWakeUp_IRQHandler                     0x080001a3   Thumb Code     0  startup_stm32f10x_md.o(.text)
    USB_HP_CAN1_TX_IRQHandler                0x080001a3   Thumb Code     0  startup_stm32f10x_md.o(.text)
    USB_LP_CAN1_RX0_IRQHandler               0x080001a3   Thumb Code     0  startup_stm32f10x_md.o(.text)
    WWDG_IRQHandler                          0x080001a3   Thumb Code     0  startup_stm32f10x_md.o(.text)
    __user_initial_stackheap                 0x080001a5   Thumb Code     0  startup_stm32f10x_md.o(.text)
    __use_two_region_memory                  0x080001c9   Thumb Code     2  heapauxi.o(.text)
    __rt_heap_escrow$2region                 0x080001cb   Thumb Code     2  heapauxi.o(.text)
    __rt_heap_expand$2region                 0x080001cd   Thumb Code     2  heapauxi.o(.text)
    __user_setup_stackheap                   0x080001cf   Thumb Code    74  sys_stackheap_outer.o(.text)
    exit                                     0x08000219   Thumb Code    18  exit.o(.text)
    __user_libspace                          0x0800022d   Thumb Code     8  libspace.o(.text)
    __user_perproc_libspace                  0x0800022d   Thumb Code     0  libspace.o(.text)
    __user_perthread_libspace                0x0800022d   Thumb Code     0  libspace.o(.text)
    _sys_exit                                0x08000235   Thumb Code     8  sys_exit.o(.text)
    __I$use$semihosting                      0x08000241   Thumb Code     0  use_no_semi.o(.text)
    __use_no_semihosting_swi                 0x08000241   Thumb Code     2  use_no_semi.o(.text)
    __semihosting_library_function           0x08000243   Thumb Code     0  indicate_semi.o(.text)
    Button_Init                              0x08000245   Thumb Code    34  button.o(i.Button_Init)
    Button_Poll                              0x08000271   Thumb Code    14  button.o(i.Button_Poll)
    Clocks_Init                              0x08000281   Thumb Code    92  clocks.o(i.Clocks_Init)
    DMA_Rx_BufferFull                        0x080002e1   Thumb Code    44  dma.o(i.DMA_Rx_BufferFull)
    DMA_USART_Rx_Init                        0x0800030d   Thumb Code    26  dma.o(i.DMA_USART_Rx_Init)
    GPIO_InputInit                           0x08000355   Thumb Code    32  gpio.o(i.GPIO_InputInit)
    GPIO_InputRead                           0x08000375   Thumb Code    26  gpio.o(i.GPIO_InputRead)
    GPIO_OutputInit                          0x0800038f   Thumb Code    26  gpio.o(i.GPIO_OutputInit)
    GPIO_OutputWrite                         0x080003a9   Thumb Code    26  gpio.o(i.GPIO_OutputWrite)
    GPIO_Reset                               0x080003c5   Thumb Code    74  gpio.o(i.GPIO_Reset)
    HC12_IncompleteRxData                    0x08000425   Thumb Code    18  hc12.o(i.HC12_IncompleteRxData)
    HC12_Init                                0x0800043d   Thumb Code    46  hc12.o(i.HC12_Init)
    HC12_RxBufferInit                        0x08000475   Thumb Code    24  hc12.o(i.HC12_RxBufferInit)
    HC12_Rx_BufferFull                       0x08000495   Thumb Code    12  hc12.o(i.HC12_Rx_BufferFull)
    HC12_TransmitBytes                       0x080004a5   Thumb Code    18  hc12.o(i.HC12_TransmitBytes)
    I2C_Init                                 0x080004bd   Thumb Code    38  i2c.o(i.I2C_Init)
    I2C_WriteByte                            0x080004e3   Thumb Code   114  i2c.o(i.I2C_WriteByte)
    LCD_Init                                 0x08000599   Thumb Code    98  lcd.o(i.LCD_Init)
    LCD_Set_Cursor                           0x08000605   Thumb Code    36  lcd.o(i.LCD_Set_Cursor)
    LCD_Write_Data                           0x080006c1   Thumb Code   142  lcd.o(i.LCD_Write_Data)
    LCD_Write_Int                            0x08000755   Thumb Code    40  lcd.o(i.LCD_Write_Int)
    LCD_Write_String                         0x0800077d   Thumb Code    22  lcd.o(i.LCD_Write_String)
    SysTick_DelayMs                          0x0800087d   Thumb Code    18  systick.o(i.SysTick_DelayMs)
    SysTick_GetTick                          0x08000895   Thumb Code     6  systick.o(i.SysTick_GetTick)
    SysTick_Handler                          0x080008a1   Thumb Code    12  systick.o(i.SysTick_Handler)
    SysTick_Init                             0x080008b1   Thumb Code    26  systick.o(i.SysTick_Init)
    SystemInit                               0x080008cd   Thumb Code    78  system_stm32f10x.o(i.SystemInit)
    System_GetTick                           0x0800092d   Thumb Code     8  system.o(i.System_GetTick)
    System_Init                              0x08000935   Thumb Code    16  system.o(i.System_Init)
    System_TimerDelayMs                      0x08000945   Thumb Code    12  system.o(i.System_TimerDelayMs)
    USART_Init                               0x08000951   Thumb Code    98  uart.o(i.USART_Init)
    USART_RxIdleLineDetected                 0x080009b3   Thumb Code    26  uart.o(i.USART_RxIdleLineDetected)
    USART_TransmitBytes                      0x080009cd   Thumb Code    46  uart.o(i.USART_TransmitBytes)
    main                                     0x080009fd   Thumb Code   194  main.o(i.main)
    ddramAddr                                0x08000aec   Data          32  lcd.o(.constdata)
    Region$$Table$$Base                      0x08000b0c   Number         0  anon$$obj.o(Region$$Table)
    Region$$Table$$Limit                     0x08000b2c   Number         0  anon$$obj.o(Region$$Table)
    BUTTON                                   0x20000000   Data           4  main.o(.data)
    dataToSend                               0x20000004   Data           5  main.o(.data)
    rxBuffer                                 0x20000009   Data           5  main.o(.data)
    tick1                                    0x20000010   Data           4  main.o(.data)
    tick2                                    0x20000014   Data           4  main.o(.data)
    diff                                     0x20000018   Data           4  main.o(.data)
    __libspace_start                         0x20000020   Data          96  libspace.o(.bss)
    __temporary_stack_top$libspace           0x20000080   Data           0  libspace.o(.bss)



==============================================================================

Memory Map of the image

  Image Entry point : 0x080000ed

  Load Region LR_IROM1 (Base: 0x08000000, Size: 0x00000b4c, Max: 0x00010000, ABSOLUTE)

    Execution Region ER_IROM1 (Exec base: 0x08000000, Load base: 0x08000000, Size: 0x00000b2c, Max: 0x00010000, ABSOLUTE)

    Exec Addr    Load Addr    Size         Type   Attr      Idx    E Section Name        Object

    0x08000000   0x08000000   0x000000ec   Data   RO          562    RESET               startup_stm32f10x_md.o
    0x080000ec   0x080000ec   0x00000008   Code   RO          617  * !!!main             c_w.l(__main.o)
    0x080000f4   0x080000f4   0x00000034   Code   RO          776    !!!scatter          c_w.l(__scatter.o)
    0x08000128   0x08000128   0x0000001a   Code   RO          778    !!handler_copy      c_w.l(__scatter_copy.o)
    0x08000142   0x08000142   0x00000002   PAD
    0x08000144   0x08000144   0x0000001c   Code   RO          780    !!handler_zi        c_w.l(__scatter_zi.o)
    0x08000160   0x08000160   0x00000002   Code   RO          644    .ARM.Collect$$libinit$$00000000  c_w.l(libinit.o)
    0x08000162   0x08000162   0x00000000   Code   RO          651    .ARM.Collect$$libinit$$00000002  c_w.l(libinit2.o)
    0x08000162   0x08000162   0x00000000   Code   RO          653    .ARM.Collect$$libinit$$00000004  c_w.l(libinit2.o)
    0x08000162   0x08000162   0x00000000   Code   RO          656    .ARM.Collect$$libinit$$0000000A  c_w.l(libinit2.o)
    0x08000162   0x08000162   0x00000000   Code   RO          658    .ARM.Collect$$libinit$$0000000C  c_w.l(libinit2.o)
    0x08000162   0x08000162   0x00000000   Code   RO          660    .ARM.Collect$$libinit$$0000000E  c_w.l(libinit2.o)
    0x08000162   0x08000162   0x00000000   Code   RO          663    .ARM.Collect$$libinit$$00000011  c_w.l(libinit2.o)
    0x08000162   0x08000162   0x00000000   Code   RO          665    .ARM.Collect$$libinit$$00000013  c_w.l(libinit2.o)
    0x08000162   0x08000162   0x00000000   Code   RO          667    .ARM.Collect$$libinit$$00000015  c_w.l(libinit2.o)
    0x08000162   0x08000162   0x00000000   Code   RO          669    .ARM.Collect$$libinit$$00000017  c_w.l(libinit2.o)
    0x08000162   0x08000162   0x00000000   Code   RO          671    .ARM.Collect$$libinit$$00000019  c_w.l(libinit2.o)
    0x08000162   0x08000162   0x00000000   Code   RO          673    .ARM.Collect$$libinit$$0000001B  c_w.l(libinit2.o)
    0x08000162   0x08000162   0x00000000   Code   RO          675    .ARM.Collect$$libinit$$0000001D  c_w.l(libinit2.o)
    0x08000162   0x08000162   0x00000000   Code   RO          677    .ARM.Collect$$libinit$$0000001F  c_w.l(libinit2.o)
    0x08000162   0x08000162   0x00000000   Code   RO          679    .ARM.Collect$$libinit$$00000021  c_w.l(libinit2.o)
    0x08000162   0x08000162   0x00000000   Code   RO          681    .ARM.Collect$$libinit$$00000023  c_w.l(libinit2.o)
    0x08000162   0x08000162   0x00000000   Code   RO          683    .ARM.Collect$$libinit$$00000025  c_w.l(libinit2.o)
    0x08000162   0x08000162   0x00000000   Code   RO          687    .ARM.Collect$$libinit$$0000002C  c_w.l(libinit2.o)
    0x08000162   0x08000162   0x00000000   Code   RO          689    .ARM.Collect$$libinit$$0000002E  c_w.l(libinit2.o)
    0x08000162   0x08000162   0x00000000   Code   RO          691    .ARM.Collect$$libinit$$00000030  c_w.l(libinit2.o)
    0x08000162   0x08000162   0x00000000   Code   RO          693    .ARM.Collect$$libinit$$00000032  c_w.l(libinit2.o)
    0x08000162   0x08000162   0x00000002   Code   RO          694    .ARM.Collect$$libinit$$00000033  c_w.l(libinit2.o)
    0x08000164   0x08000164   0x00000002   Code   RO          714    .ARM.Collect$$libshutdown$$00000000  c_w.l(libshutdown.o)
    0x08000166   0x08000166   0x00000000   Code   RO          727    .ARM.Collect$$libshutdown$$00000002  c_w.l(libshutdown2.o)
    0x08000166   0x08000166   0x00000000   Code   RO          729    .ARM.Collect$$libshutdown$$00000004  c_w.l(libshutdown2.o)
    0x08000166   0x08000166   0x00000000   Code   RO          731    .ARM.Collect$$libshutdown$$00000006  c_w.l(libshutdown2.o)
    0x08000166   0x08000166   0x00000000   Code   RO          734    .ARM.Collect$$libshutdown$$00000009  c_w.l(libshutdown2.o)
    0x08000166   0x08000166   0x00000000   Code   RO          737    .ARM.Collect$$libshutdown$$0000000C  c_w.l(libshutdown2.o)
    0x08000166   0x08000166   0x00000000   Code   RO          739    .ARM.Collect$$libshutdown$$0000000E  c_w.l(libshutdown2.o)
    0x08000166   0x08000166   0x00000000   Code   RO          742    .ARM.Collect$$libshutdown$$00000011  c_w.l(libshutdown2.o)
    0x08000166   0x08000166   0x00000002   Code   RO          743    .ARM.Collect$$libshutdown$$00000012  c_w.l(libshutdown2.o)
    0x08000168   0x08000168   0x00000000   Code   RO          619    .ARM.Collect$$rtentry$$00000000  c_w.l(__rtentry.o)
    0x08000168   0x08000168   0x00000000   Code   RO          621    .ARM.Collect$$rtentry$$00000002  c_w.l(__rtentry2.o)
    0x08000168   0x08000168   0x00000006   Code   RO          633    .ARM.Collect$$rtentry$$00000004  c_w.l(__rtentry4.o)
    0x0800016e   0x0800016e   0x00000000   Code   RO          623    .ARM.Collect$$rtentry$$00000009  c_w.l(__rtentry2.o)
    0x0800016e   0x0800016e   0x00000004   Code   RO          624    .ARM.Collect$$rtentry$$0000000A  c_w.l(__rtentry2.o)
    0x08000172   0x08000172   0x00000000   Code   RO          626    .ARM.Collect$$rtentry$$0000000C  c_w.l(__rtentry2.o)
    0x08000172   0x08000172   0x00000008   Code   RO          627    .ARM.Collect$$rtentry$$0000000D  c_w.l(__rtentry2.o)
    0x0800017a   0x0800017a   0x00000002   Code   RO          648    .ARM.Collect$$rtexit$$00000000  c_w.l(rtexit.o)
    0x0800017c   0x0800017c   0x00000000   Code   RO          696    .ARM.Collect$$rtexit$$00000002  c_w.l(rtexit2.o)
    0x0800017c   0x0800017c   0x00000004   Code   RO          697    .ARM.Collect$$rtexit$$00000003  c_w.l(rtexit2.o)
    0x08000180   0x08000180   0x00000006   Code   RO          698    .ARM.Collect$$rtexit$$00000004  c_w.l(rtexit2.o)
    0x08000186   0x08000186   0x00000002   PAD
    0x08000188   0x08000188   0x00000040   Code   RO          563    .text               startup_stm32f10x_md.o
    0x080001c8   0x080001c8   0x00000006   Code   RO          615    .text               c_w.l(heapauxi.o)
    0x080001ce   0x080001ce   0x0000004a   Code   RO          635    .text               c_w.l(sys_stackheap_outer.o)
    0x08000218   0x08000218   0x00000012   Code   RO          637    .text               c_w.l(exit.o)
    0x0800022a   0x0800022a   0x00000002   PAD
    0x0800022c   0x0800022c   0x00000008   Code   RO          645    .text               c_w.l(libspace.o)
    0x08000234   0x08000234   0x0000000c   Code   RO          706    .text               c_w.l(sys_exit.o)
    0x08000240   0x08000240   0x00000002   Code   RO          717    .text               c_w.l(use_no_semi.o)
    0x08000242   0x08000242   0x00000000   Code   RO          719    .text               c_w.l(indicate_semi.o)
    0x08000242   0x08000242   0x00000002   PAD
    0x08000244   0x08000244   0x0000002c   Code   RO           78    i.Button_Init       button.o
    0x08000270   0x08000270   0x0000000e   Code   RO           79    i.Button_Poll       button.o
    0x0800027e   0x0800027e   0x00000002   PAD
    0x08000280   0x08000280   0x00000060   Code   RO          297    i.Clocks_Init       clocks.o
    0x080002e0   0x080002e0   0x0000002c   Code   RO          321    i.DMA_Rx_BufferFull  dma.o
    0x0800030c   0x0800030c   0x0000001a   Code   RO          323    i.DMA_USART_Rx_Init  dma.o
    0x08000326   0x08000326   0x00000002   PAD
    0x08000328   0x08000328   0x0000002c   Code   RO           80    i.Debounce          button.o
    0x08000354   0x08000354   0x00000020   Code   RO          357    i.GPIO_InputInit    gpio.o
    0x08000374   0x08000374   0x0000001a   Code   RO          358    i.GPIO_InputRead    gpio.o
    0x0800038e   0x0800038e   0x0000001a   Code   RO          360    i.GPIO_OutputInit   gpio.o
    0x080003a8   0x080003a8   0x0000001a   Code   RO          363    i.GPIO_OutputWrite  gpio.o
    0x080003c2   0x080003c2   0x00000002   PAD
    0x080003c4   0x080003c4   0x00000060   Code   RO          364    i.GPIO_Reset        gpio.o
    0x08000424   0x08000424   0x00000018   Code   RO          113    i.HC12_IncompleteRxData  hc12.o
    0x0800043c   0x0800043c   0x00000038   Code   RO          114    i.HC12_Init         hc12.o
    0x08000474   0x08000474   0x00000020   Code   RO          115    i.HC12_RxBufferInit  hc12.o
    0x08000494   0x08000494   0x00000010   Code   RO          116    i.HC12_Rx_BufferFull  hc12.o
    0x080004a4   0x080004a4   0x00000018   Code   RO          118    i.HC12_TransmitBytes  hc12.o
    0x080004bc   0x080004bc   0x00000026   Code   RO          509    i.I2C_Init          i2c.o
    0x080004e2   0x080004e2   0x00000072   Code   RO          513    i.I2C_WriteByte     i2c.o
    0x08000554   0x08000554   0x00000044   Code   RO          173    i.IntegerToString   lcd.o
    0x08000598   0x08000598   0x0000006c   Code   RO          175    i.LCD_Init          lcd.o
    0x08000604   0x08000604   0x00000028   Code   RO          176    i.LCD_Set_Cursor    lcd.o
    0x0800062c   0x0800062c   0x00000094   Code   RO          177    i.LCD_Write_Cmd     lcd.o
    0x080006c0   0x080006c0   0x00000094   Code   RO          178    i.LCD_Write_Data    lcd.o
    0x08000754   0x08000754   0x00000028   Code   RO          179    i.LCD_Write_Int     lcd.o
    0x0800077c   0x0800077c   0x00000016   Code   RO          180    i.LCD_Write_String  lcd.o
    0x08000792   0x08000792   0x00000008   Code   RO          570    i.SetSysClock       system_stm32f10x.o
    0x0800079a   0x0800079a   0x00000002   PAD
    0x0800079c   0x0800079c   0x000000e0   Code   RO          571    i.SetSysClockTo72   system_stm32f10x.o
    0x0800087c   0x0800087c   0x00000018   Code   RO          423    i.SysTick_DelayMs   systick.o
    0x08000894   0x08000894   0x0000000c   Code   RO          424    i.SysTick_GetTick   systick.o
    0x080008a0   0x080008a0   0x00000010   Code   RO          425    i.SysTick_Handler   systick.o
    0x080008b0   0x080008b0   0x0000001a   Code   RO          426    i.SysTick_Init      systick.o
    0x080008ca   0x080008ca   0x00000002   PAD
    0x080008cc   0x080008cc   0x00000060   Code   RO          573    i.SystemInit        system_stm32f10x.o
    0x0800092c   0x0800092c   0x00000008   Code   RO          246    i.System_GetTick    system.o
    0x08000934   0x08000934   0x00000010   Code   RO          247    i.System_Init       system.o
    0x08000944   0x08000944   0x0000000c   Code   RO          248    i.System_TimerDelayMs  system.o
    0x08000950   0x08000950   0x00000062   Code   RO          467    i.USART_Init        uart.o
    0x080009b2   0x080009b2   0x0000001a   Code   RO          468    i.USART_RxIdleLineDetected  uart.o
    0x080009cc   0x080009cc   0x0000002e   Code   RO          470    i.USART_TransmitBytes  uart.o
    0x080009fa   0x080009fa   0x00000002   PAD
    0x080009fc   0x080009fc   0x000000f0   Code   RO            4    i.main              main.o
    0x08000aec   0x08000aec   0x00000020   Data   RO          181    .constdata          lcd.o
    0x08000b0c   0x08000b0c   0x00000020   Data   RO          774    Region$$Table       anon$$obj.o


    Execution Region RW_IRAM1 (Exec base: 0x20000000, Load base: 0x08000b2c, Size: 0x00000680, Max: 0x00005000, ABSOLUTE)

    Exec Addr    Load Addr    Size         Type   Attr      Idx    E Section Name        Object

    0x20000000   0x08000b2c   0x0000001c   Data   RW            5    .data               main.o
    0x2000001c   0x08000b48   0x00000004   Data   RW          427    .data               systick.o
    0x20000020        -       0x00000060   Zero   RW          646    .bss                c_w.l(libspace.o)
    0x20000080        -       0x00000200   Zero   RW          561    HEAP                startup_stm32f10x_md.o
    0x20000280        -       0x00000400   Zero   RW          560    STACK               startup_stm32f10x_md.o


==============================================================================

Image component sizes


      Code (inc. data)   RO Data    RW Data    ZI Data      Debug   Object Name

       102         14          0          0          0       1952   button.o
        96          4          0          0          0        458   clocks.o
        70          0          0          0          0       1780   dma.o
       206         22          0          0          0       3424   gpio.o
       152         34          0          0          0       3058   hc12.o
       152          0          0          0          0       1671   i2c.o
       574         26         32          0          0       5044   lcd.o
       240         46          0         28          0     209841   main.o
        64         26        236          0       1536        860   startup_stm32f10x_md.o
        36          0          0          0          0       1461   system.o
       328         28          0          0          0       2161   system_stm32f10x.o
        78         16          0          4          0       2425   systick.o
       170          0          0          0          0       2314   uart.o

    ----------------------------------------------------------------------
      2280        216        300         32       1536     236449   Object Totals
         0          0         32          0          0          0   (incl. Generated)
        12          0          0          0          0          0   (incl. Padding)

    ----------------------------------------------------------------------

      Code (inc. data)   RO Data    RW Data    ZI Data      Debug   Library Member Name

         8          0          0          0          0         68   __main.o
         0          0          0          0          0          0   __rtentry.o
        12          0          0          0          0          0   __rtentry2.o
         6          0          0          0          0          0   __rtentry4.o
        52          8          0          0          0          0   __scatter.o
        26          0          0          0          0          0   __scatter_copy.o
        28          0          0          0          0          0   __scatter_zi.o
        18          0          0          0          0         80   exit.o
         6          0          0          0          0        152   heapauxi.o
         0          0          0          0          0          0   indicate_semi.o
         2          0          0          0          0          0   libinit.o
         2          0          0          0          0          0   libinit2.o
         2          0          0          0          0          0   libshutdown.o
         2          0          0          0          0          0   libshutdown2.o
         8          4          0          0         96         68   libspace.o
         2          0          0          0          0          0   rtexit.o
        10          0          0          0          0          0   rtexit2.o
        12          4          0          0          0         68   sys_exit.o
        74          0          0          0          0         80   sys_stackheap_outer.o
         2          0          0          0          0         68   use_no_semi.o

    ----------------------------------------------------------------------
       280         16          0          0         96        584   Library Totals
         8          0          0          0          0          0   (incl. Padding)

    ----------------------------------------------------------------------

      Code (inc. data)   RO Data    RW Data    ZI Data      Debug   Library Name

       272         16          0          0         96        584   c_w.l

    ----------------------------------------------------------------------
       280         16          0          0         96        584   Library Totals

    ----------------------------------------------------------------------

==============================================================================


      Code (inc. data)   RO Data    RW Data    ZI Data      Debug   

      2560        232        300         32       1632     235053   Grand Totals
      2560        232        300         32       1632     235053   ELF Image Totals
      2560        232        300         32          0          0   ROM Totals

==============================================================================

    Total RO  Size (Code + RO Data)                 2860 (   2.79kB)
    Total RW  Size (RW Data + ZI Data)              1664 (   1.63kB)
    Total ROM Size (Code + RO Data + RW Data)       2892 (   2.82kB)

==============================================================================

